// Jest Snapshot v1, https://goo.gl/fbAQLP

exports[`renders Home 1`] = `
<div>
  <h1>
    Welcome
  </h1>
  <br />
  <br />
  <a
    href="/about"
    onClick={[Function]}
    onMouseEnter={[Function]}
  >
    About
  </a>
</div>
`;
